// Jest Snapshot v1, https://goo.gl/fbAQLP

exports[`PostForm without redux testing the component rendered correctly or not 1`] = `
<div>
  <h1>
    Add Post
  </h1>
  <br />
  <form
    className="formSubmit"
    onSubmit={[Function]}
  >
    <div>
      <label>
        title
      </label>
      <input
        className="titleField"
        name="title"
        onChange={[Function]}
        type="text"
        value="xbox"
      />
    </div>
    <br />
    <div>
      <label>
        body
      </label>
      <textarea
        name="body"
        onChange={[Function]}
        value="support"
      />
    </div>
    <br />
    onSubmit
    <button
      type="submit"
    >
      Submit
    </button>
    <button
      className="postformSubmitButton"
      onClick={[Function]}
    />
  </form>
</div>
`;

exports[`PostForm without redux testing the component rendered correctly or not 2`] = `
<div>
  <h1>
    Add Post
  </h1>
  <br />
  <form
    className="formSubmit"
    onSubmit={[Function]}
  >
    <div>
      <label>
        title
      </label>
      <input
        className="titleField"
        name="title"
        onChange={[Function]}
        type="text"
        value="xbox"
      />
    </div>
    <br />
    <div>
      <label>
        body
      </label>
      <textarea
        name="body"
        onChange={[Function]}
        value="support"
      />
    </div>
    <br />
    onSubmit
    <button
      type="submit"
    >
      Submit
    </button>
    <button
      className="postformSubmitButton"
      onClick={[Function]}
    />
  </form>
</div>
`;
